P1
     Restricted Rights Legend

Use, duplication, or disclosure by the Government is
subject to restrictions as set forth in subparagraph
(c) of the Commercial Computer Software - Restricted
Rights clause at FAR sec. 52.227-19 and subparagraph
(c) (1) (ii) of the Rights in Technical Data and Computer
Software clause at DFARS sec. 252.227-7013.

           cisco Systems, Inc.
           170 West Tasman Drive
           San Jose, California 95134-1706



Cisco IOS Software, Linux Software (I86BI_LINUX-ADVENTERPRISEK9-M), Version 15.3(1.3)T, ENGINEERING WEEKLY BUILD, synced to V152_4_M1_10
Copyright (c) 1986-2012 by Cisco Systems, Inc.
Compiled Thu 25-Oct-12 04:35 by hlo


This product contains cryptographic features and is subject to United
States and local country laws governing import, export, transfer and
use. Delivery of Cisco cryptographic products does not imply
third-party authority to import, export, distribute or use encryption.
Importers, exporters, distributors and users are responsible for
compliance with U.S. and local country laws. By using this product you
agree to comply with applicable laws and regulations. If you are unable
to comply with U.S. and local laws, return this product immediately.

A summary of U.S. laws governing Cisco cryptographic products may be found at:
http://www.cisco.com/wwl/export/crypto/tool/stqrg.html

If you require further assistance please contact us by sending email to
export@cisco.com.

Linux Unix (Intel-x86) processor with 113130K bytes of memory.
Processor board ID 1
16 Ethernet interfaces
128K bytes of NVRAM.



Press RETURN to get started!


P1>
P1>en
Password: 
P1#config t
Enter configuration commands, one per line.  End with CNTL/Z.
P1(config)#int e0/0
P1(config-if)# ip add dhcp
P1(config-if)# ip add 10.2.1.101 255.255.255.0
P1(config-if)# no shut
P1(config-if)#exit
P1(config)#end
P1#ping 10.2.1.201
Type escape sequence to abort.
Sending 5, 100-byte ICMP Echos to 10.2.1.201, timeout is 2 seconds:
.!!!!
Success rate is 80 percent (4/5), round-trip min/avg/max = 1/1/1 ms
P1#ping 10.2.1.201
Type escape sequence to abort.
Sending 5, 100-byte ICMP Echos to 10.2.1.201, timeout is 2 seconds:
!!!!!
Success rate is 100 percent (5/5), round-trip min/avg/max = 1/1/1 ms
P1#show arp
Protocol  Address          Age (min)  Hardware Addr   Type   Interface
Internet  10.2.1.101              -   aabb.cc00.0100  ARPA   Ethernet0/0
Internet  10.2.1.201              0   aabb.cc00.0201  ARPA   Ethernet0/0
P1#ping 10.2.1.1
Type escape sequence to abort.
Sending 5, 100-byte ICMP Echos to 10.2.1.1, timeout is 2 seconds:
.!!!!
Success rate is 80 percent (4/5), round-trip min/avg/max = 1/1/1 ms
P1#ping 10.2.1.1
Type escape sequence to abort.
Sending 5, 100-byte ICMP Echos to 10.2.1.1, timeout is 2 seconds:
!!!!!
Success rate is 100 percent (5/5), round-trip min/avg/max = 1/1/1 ms
P1#show arp
Protocol  Address          Age (min)  Hardware Addr   Type   Interface
Internet  10.2.1.1                0   aabb.cc80.0600  ARPA   Ethernet0/0
Internet  10.2.1.101              -   aabb.cc00.0100  ARPA   Ethernet0/0
Internet  10.2.1.201              1   aabb.cc00.0201  ARPA   Ethernet0/0
P1#ping 10.2.1.2
Type escape sequence to abort.
Sending 5, 100-byte ICMP Echos to 10.2.1.2, timeout is 2 seconds:
.!!!!
Success rate is 80 percent (4/5), round-trip min/avg/max = 1/1/1 ms
P1#ping 10.2.1.2
Type escape sequence to abort.
Sending 5, 100-byte ICMP Echos to 10.2.1.2, timeout is 2 seconds:
!!!!!
Success rate is 100 percent (5/5), round-trip min/avg/max = 1/1/1 ms
P1#show arp     
Protocol  Address          Age (min)  Hardware Addr   Type   Interface
Internet  10.2.1.1                0   aabb.cc80.0600  ARPA   Ethernet0/0
Internet  10.2.1.2                0   aabb.cc80.0700  ARPA   Ethernet0/0
Internet  10.2.1.101              -   aabb.cc00.0100  ARPA   Ethernet0/0
Internet  10.2.1.201              1   aabb.cc00.0201  ARPA   Ethernet0/0
P1#ping 10.2.2.1
Type escape sequence to abort.
Sending 5, 100-byte ICMP Echos to 10.2.2.1, timeout is 2 seconds:
.....
Success rate is 0 percent (0/5)
P1#config t
Enter configuration commands, one per line.  End with CNTL/Z.
P1(config)#ip route 10.2.2.0 255.255.255.0 10.2.1.1 1
P1(config)#ip route 10.2.2.0 255.255.255.0 10.2.1.2 10
P1(config)#!
P1(config)#ip route 192.168.1.128 255.255.255.224 10.2.1.1 1
P1(config)#ip route 192.168.1.128 255.255.255.224 10.2.1.2 10
P1(config)#do sh ip route static
Codes: L - local, C - connected, S - static, R - RIP, M - mobile, B - BGP
       D - EIGRP, EX - EIGRP external, O - OSPF, IA - OSPF inter area 
       N1 - OSPF NSSA external type 1, N2 - OSPF NSSA external type 2
       E1 - OSPF external type 1, E2 - OSPF external type 2
       i - IS-IS, su - IS-IS summary, L1 - IS-IS level-1, L2 - IS-IS level-2
       ia - IS-IS inter area, * - candidate default, U - per-user static route
       o - ODR, P - periodic downloaded static route, H - NHRP, l - LISP
       a - application route
       + - replicated route, % - next hop override

Gateway of last resort is not set

      10.0.0.0/8 is variably subnetted, 3 subnets, 2 masks
S        10.2.2.0/24 [1/0] via 10.2.1.1
      192.168.1.0/27 is subnetted, 1 subnets
S        192.168.1.128 [1/0] via 10.2.1.1
P1(config)#do ping 192.168.1.129
Type escape sequence to abort.
Sending 5, 100-byte ICMP Echos to 192.168.1.129, timeout is 2 seconds:
!!!!!
Success rate is 100 percent (5/5), round-trip min/avg/max = 1/1/2 ms
P1(config)#do tracert 192.168.1.129
                    ^
% Invalid input detected at '^' marker.

P1(config)#do tracer 192.168.1.129 
Type escape sequence to abort.
Tracing the route to 192.168.1.129
VRF info: (vrf in name/id, vrf out name/id)
  1 10.2.1.1 1 msec *  0 msec
P1(config)#no ip route 192.168.1.128 255.255.255.224 10.2.1.1 1
P1(config)#do tracer 192.168.1.129                             
Type escape sequence to abort.
Tracing the route to 192.168.1.129
VRF info: (vrf in name/id, vrf out name/id)
  1 10.2.1.2 1 msec 0 msec 0 msec
  2  * 
    192.168.1.129 1 msec * 
P1(config)# ip route 192.168.1.128 255.255.255.224 10.2.1.1 1   
P1(config)#do tracer 192.168.1.129                           
Type escape sequence to abort.
Tracing the route to 192.168.1.129
VRF info: (vrf in name/id, vrf out name/id)
  1 10.2.1.1 1 msec *  1 msec
P1(config)#ip route 0.0.0.0 0.0.0.0 10.2.1.1 1
P1(config)#ip route 0.0.0.0 0.0.0.0 10.2.1.2 5
P1(config)#ping 10.1.4.5
            ^
% Invalid input detected at '^' marker.

P1(config)#exit
P1#ping 10.1.4.5
Type escape sequence to abort.
Sending 5, 100-byte ICMP Echos to 10.1.4.5, timeout is 2 seconds:
!!!!!
Success rate is 100 percent (5/5), round-trip min/avg/max = 1/1/1 ms
P1#ping 10.1.4.9
Type escape sequence to abort.
Sending 5, 100-byte ICMP Echos to 10.1.4.9, timeout is 2 seconds:
!!!!!
Success rate is 100 percent (5/5), round-trip min/avg/max = 1/1/1 ms
P1#tracer 10.1.4.5
Type escape sequence to abort.
Tracing the route to 10.1.4.5
VRF info: (vrf in name/id, vrf out name/id)
  1 10.2.1.1 1 msec 0 msec 0 msec
  2 10.1.4.5 0 msec *  2 msec
P1#ping 10.1.1.10
Type escape sequence to abort.
Sending 5, 100-byte ICMP Echos to 10.1.1.10, timeout is 2 seconds:
U.U.U
Success rate is 0 percent (0/5)
P1#ping 10.1.4.5
Type escape sequence to abort.
Sending 5, 100-byte ICMP Echos to 10.1.4.5, timeout is 2 seconds:
!!!!!
Success rate is 100 percent (5/5), round-trip min/avg/max = 1/2/6 ms
P1#ping 1.1.1.1 
Type escape sequence to abort.
Sending 5, 100-byte ICMP Echos to 1.1.1.1, timeout is 2 seconds:
!!!!!
Success rate is 100 percent (5/5), round-trip min/avg/max = 1/1/2 ms
P1#ping 24.2.4.4
Type escape sequence to abort.
Sending 5, 100-byte ICMP Echos to 24.2.4.4, timeout is 2 seconds:
U.U.U
Success rate is 0 percent (0/5)
P1#sh ip route
Codes: L - local, C - connected, S - static, R - RIP, M - mobile, B - BGP
       D - EIGRP, EX - EIGRP external, O - OSPF, IA - OSPF inter area 
       N1 - OSPF NSSA external type 1, N2 - OSPF NSSA external type 2
       E1 - OSPF external type 1, E2 - OSPF external type 2
       i - IS-IS, su - IS-IS summary, L1 - IS-IS level-1, L2 - IS-IS level-2
       ia - IS-IS inter area, * - candidate default, U - per-user static route
       o - ODR, P - periodic downloaded static route, H - NHRP, l - LISP
       a - application route
       + - replicated route, % - next hop override

Gateway of last resort is 10.2.1.1 to network 0.0.0.0

S*    0.0.0.0/0 [1/0] via 10.2.1.1
      10.0.0.0/8 is variably subnetted, 3 subnets, 2 masks
C        10.2.1.0/24 is directly connected, Ethernet0/0
L        10.2.1.101/32 is directly connected, Ethernet0/0
S        10.2.2.0/24 [1/0] via 10.2.1.1
      192.168.1.0/27 is subnetted, 1 subnets
S        192.168.1.128 [1/0] via 10.2.1.1
P1#ping 8.8.8.8
Type escape sequence to abort.
Sending 5, 100-byte ICMP Echos to 8.8.8.8, timeout is 2 seconds:
!!!!!
Success rate is 100 percent (5/5), round-trip min/avg/max = 1/1/1 ms
P1#tracer 8.8.8.8
Type escape sequence to abort.
Tracing the route to 8.8.8.8
VRF info: (vrf in name/id, vrf out name/id)
  1 10.2.1.1 1 msec 0 msec 0 msec
  2 10.1.4.5 1 msec 0 msec 0 msec
  3 10.1.1.9 1 msec 0 msec 0 msec
  4 10.1.1.5 0 msec 1 msec 0 msec
  5 10.1.1.1 0 msec 1 msec 0 msec
  6 208.8.8.4 0 msec 1 msec 0 msec
  7 45.4.5.5 0 msec *  3 msec
P1#tracer 8.8.8.8
Type escape sequence to abort.
Tracing the route to 8.8.8.8
VRF info: (vrf in name/id, vrf out name/id)
  1 10.2.1.1 1 msec 1 msec 0 msec
  2 10.1.4.5 5 msec 1 msec 5 msec
  3 10.1.1.9 1 msec 1 msec 1 msec
  4 10.1.1.5 1 msec 2 msec 1 msec
  5 10.1.1.1 1 msec 1 msec 1 msec
  6 208.8.8.4 6 msec 5 msec 6 msec
  7 45.4.5.5 6 msec *  6 msec
P1#

              Restricted Rights Legend

Use, duplication, or disclosure by the Government is
subject to restrictions as set forth in subparagraph
(c) of the Commercial Computer Software - Restricted
Rights clause at FAR sec. 52.227-19 and subparagraph
(c) (1) (ii) of the Rights in Technical Data and Computer
Software clause at DFARS sec. 252.227-7013.

           cisco Systems, Inc.
           170 West Tasman Drive
           San Jose, California 95134-1706



Cisco IOS Software, Linux Software (I86BI_LINUX-ADVENTERPRISEK9-M), Version 15.3(1.3)T, ENGINEERING WEEKLY BUILD, synced to V152_4_M1_10
Copyright (c) 1986-2012 by Cisco Systems, Inc.
Compiled Thu 25-Oct-12 04:35 by hlo


This product contains cryptographic features and is subject to United
States and local country laws governing import, export, transfer and
use. Delivery of Cisco cryptographic products does not imply
third-party authority to import, export, distribute or use encryption.
Importers, exporters, distributors and users are responsible for
compliance with U.S. and local country laws. By using this product you
agree to comply with applicable laws and regulations. If you are unable
to comply with U.S. and local laws, return this product immediately.

A summary of U.S. laws governing Cisco cryptographic products may be found at:
http://www.cisco.com/wwl/export/crypto/tool/stqrg.html

If you require further assistance please contact us by sending email to
export@cisco.com.

Linux Unix (Intel-x86) processor with 113130K bytes of memory.
Processor board ID 1
16 Ethernet interfaces
128K bytes of NVRAM.



Press RETURN to get started!


P1>en
Password: 
P1#config t
Enter configuration commands, one per line.  End with CNTL/Z.
P1(config)#int e0/0
P1(config-if)# ip add dhcp
P1(config-if)# ip add 10.2.1.101 255.255.255.0
P1(config-if)# no shut
P1(config-if)#
P1#config t
Enter configuration commands, one per line.  End with CNTL/Z.
P1(config)#ip route 10.2.2.0 255.255.255.0 10.2.1.1 1
P1(config)#ip route 10.2.2.0 255.255.255.0 10.2.1.2 10
P1(config)#!
P1(config)#ip route 192.168.1.128 255.255.255.224 10.2.1.1 1
P1(config)#ip route 192.168.1.128 255.255.255.224 10.2.1.2 10
P1(config)#ip route 0.0.0.0 0.0.0.0 10.2.1.2 1
P1(config)#ip route 0.0.0.0 0.0.0.0 10.2.1.1 10
P1(config)#
P1(config)#no ip route 0.0.0.0 0.0.0.0 10.2.1.2 1
P1(config)#
P1(config)#no ip route 0.0.0.0 0.0.0.0 10.2.1.1 10
P1(config)#
P1(config)#config t
                  ^
% Invalid input detected at '^' marker.

P1(config)#ip route 0.0.0.0 0.0.0.0 10.2.1.1 1
P1(config)#ip route 0.0.0.0 0.0.0.0 10.2.1.2 5
P1(config)#do ping 8.8.8.8
Type escape sequence to abort.
Sending 5, 100-byte ICMP Echos to 8.8.8.8, timeout is 2 seconds:
.U.U.
Success rate is 0 percent (0/5)
P1(config)#ping 10.1.4.5
            ^
% Invalid input detected at '^' marker.

P1(config)#do ping 10.1.4.5
Type escape sequence to abort.
Sending 5, 100-byte ICMP Echos to 10.1.4.5, timeout is 2 seconds:
.....
Success rate is 0 percent (0/5)
P1(config)#do sh ip route 
Codes: L - local, C - connected, S - static, R - RIP, M - mobile, B - BGP
       D - EIGRP, EX - EIGRP external, O - OSPF, IA - OSPF inter area 
       N1 - OSPF NSSA external type 1, N2 - OSPF NSSA external type 2
       E1 - OSPF external type 1, E2 - OSPF external type 2
       i - IS-IS, su - IS-IS summary, L1 - IS-IS level-1, L2 - IS-IS level-2
       ia - IS-IS inter area, * - candidate default, U - per-user static route
       o - ODR, P - periodic downloaded static route, H - NHRP, l - LISP
       a - application route
       + - replicated route, % - next hop override

Gateway of last resort is 10.2.1.1 to network 0.0.0.0

S*    0.0.0.0/0 [1/0] via 10.2.1.1
      10.0.0.0/8 is variably subnetted, 3 subnets, 2 masks
C        10.2.1.0/24 is directly connected, Ethernet0/0
L        10.2.1.101/32 is directly connected, Ethernet0/0
S        10.2.2.0/24 [1/0] via 10.2.1.1
      192.168.1.0/27 is subnetted, 1 subnets
S        192.168.1.128 [1/0] via 10.2.1.1
P1(config)#do ping 10.2.1.1
Type escape sequence to abort.
Sending 5, 100-byte ICMP Echos to 10.2.1.1, timeout is 2 seconds:
!!!!!
Success rate is 100 percent (5/5), round-trip min/avg/max = 1/1/1 ms
P1(config)#
P1(config)#do ping 10.1.4.5
Type escape sequence to abort.
Sending 5, 100-byte ICMP Echos to 10.1.4.5, timeout is 2 seconds:
.....
Success rate is 0 percent (0/5)
P1(config)#ping 10.1.1.10
            ^
% Invalid input detected at '^' marker.

P1(config)#do ping 10.1.1.10
Type escape sequence to abort.
Sending 5, 100-byte ICMP Echos to 10.1.1.10, timeout is 2 seconds:
U.U.
Success rate is 0 percent (0/4)
P1(config)#

              Restricted Rights Legend

Use, duplication, or disclosure by the Government is
subject to restrictions as set forth in subparagraph
(c) of the Commercial Computer Software - Restricted
Rights clause at FAR sec. 52.227-19 and subparagraph
(c) (1) (ii) of the Rights in Technical Data and Computer
Software clause at DFARS sec. 252.227-7013.

           cisco Systems, Inc.
           170 West Tasman Drive
           San Jose, California 95134-1706



Cisco IOS Software, Linux Software (I86BI_LINUX-ADVENTERPRISEK9-M), Version 15.3(1.3)T, ENGINEERING WEEKLY BUILD, synced to V152_4_M1_10
Copyright (c) 1986-2012 by Cisco Systems, Inc.
Compiled Thu 25-Oct-12 04:35 by hlo


This product contains cryptographic features and is subject to United
States and local country laws governing import, export, transfer and
use. Delivery of Cisco cryptographic products does not imply
third-party authority to import, export, distribute or use encryption.
Importers, exporters, distributors and users are responsible for
compliance with U.S. and local country laws. By using this product you
agree to comply with applicable laws and regulations. If you are unable
to comply with U.S. and local laws, return this product immediately.

A summary of U.S. laws governing Cisco cryptographic products may be found at:
http://www.cisco.com/wwl/export/crypto/tool/stqrg.html

If you require further assistance please contact us by sending email to
export@cisco.com.

Linux Unix (Intel-x86) processor with 113130K bytes of memory.
Processor board ID 1
16 Ethernet interfaces
128K bytes of NVRAM.



Press RETURN to get started!


P1>
P1>
P1>
P1>
P1>
P1>en
Password: 
P1#config t
Enter configuration commands, one per line.  End with CNTL/Z.
P1(config)#int e0/0
P1(config-if)# no ip add dhcp
No DHCP address configured

P1(config-if)# ip add 10.2.1.101 255.255.255.0
P1(config-if)# no shut
P1(config-if)#ex
P1(config)#config t
                  ^
% Invalid input detected at '^' marker.

P1(config)#ip route 10.2.2.0 255.255.255.0 10.2.1.1 1
P1(config)#ip route 10.2.2.0 255.255.255.0 10.2.1.2 10
P1(config)#!
P1(config)#ip route 192.168.1.128 255.255.255.224 10.2.1.1 1
P1(config)#ip route 192.168.1.128 255.255.255.224 10.2.1.2 10
P1(config)#
P1#config t
Enter configuration commands, one per line.  End with CNTL/Z.
P1(config)#ip route 0.0.0.0 0.0.0.0 10.2.1.1 1
P1(config)#ip route 0.0.0.0 0.0.0.0 10.2.1.2 5
P1(config)#do ping 8.8.8.8
Type escape sequence to abort.
Sending 5, 100-byte ICMP Echos to 8.8.8.8, timeout is 2 seconds:
.U.U.
Success rate is 0 percent (0/5)
P1(config)#ping 10.2.2.1
            ^
% Invalid input detected at '^' marker.

P1(config)#do ping 10.2.2.1
Type escape sequence to abort.
Sending 5, 100-byte ICMP Echos to 10.2.2.1, timeout is 2 seconds:
!!!!!
Success rate is 100 percent (5/5), round-trip min/avg/max = 1/1/1 ms
P1(config)#do ping 10.1.4.5
Type escape sequence to abort.
Sending 5, 100-byte ICMP Echos to 10.1.4.5, timeout is 2 seconds:
.....
Success rate is 0 percent (0/5)
P1(config)#do ping 10.1.4.5
Type escape sequence to abort.
Sending 5, 100-byte ICMP Echos to 10.1.4.5, timeout is 2 seconds:
!.!!!
Success rate is 80 percent (4/5), round-trip min/avg/max = 1/2/5 ms
P1(config)#do ping 10.1.4.5
Type escape sequence to abort.
Sending 5, 100-byte ICMP Echos to 10.1.4.5, timeout is 2 seconds:
!!!!!
Success rate is 100 percent (5/5), round-trip min/avg/max = 1/1/5 ms
P1(config)#ping 8.8.8.8
            ^
% Invalid input detected at '^' marker.

P1(config)#do ping 8.8.8.8
Type escape sequence to abort.
Sending 5, 100-byte ICMP Echos to 8.8.8.8, timeout is 2 seconds:
!!!!!
Success rate is 100 percent (5/5), round-trip min/avg/max = 1/1/1 ms
P1(config)#do tracer 8.8.8.8
Type escape sequence to abort.
Tracing the route to 8.8.8.8
VRF info: (vrf in name/id, vrf out name/id)
  1 10.2.1.1 1 msec 1 msec 0 msec
  2 10.1.4.5 1 msec 1 msec 1 msec
  3 10.1.1.9 1 msec 1 msec 0 msec
  4 10.1.1.5 1 msec 1 msec 1 msec
  5 10.1.1.1 1 msec 1 msec 1 msec
  6 208.8.8.4 5 msec 6 msec 5 msec
  7 45.4.5.5 6 msec *  3 msec